   Γû▓ Next.js 15.1.0

   Creating an optimized production build ...
node_modules\.bin\next.cmd :  ΓÜá Attempted to load @next/swc-win32-x64-msvc, but an error occurred: 
\\?\C:\Users\Kevan\kalishi-edge\dashboard\node_modules\@next\swc-win32-x64-msvc\next-swc.win32-x64-msvc.node is not a 
valid Win32 application.
At line:1 char:110
+ ... s://api.bet.drunks.app; node_modules\.bin\next.cmd build 2>&1 | Out-F ...
+                             ~~~~~~~~~~~~~~~~~~~~~~~~~~~~~~~~~~~~~
    + CategoryInfo          : NotSpecified: ( ΓÜá Attempted ...32 application.:String) [], RemoteException
    + FullyQualifiedErrorId : NativeCommandError
 
\\?\C:\Users\Kevan\kalishi-edge\dashboard\node_modules\@next\swc-win32-x64-msvc\next-swc.win32-x64-msvc.node
 ΓÜá Attempted to load @next/swc-win32-x64-msvc, but an error occurred: 
\\?\C:\Users\Kevan\kalishi-edge\dashboard\node_modules\@next\swc-win32-x64-msvc\next-swc.win32-x64-msvc.node is not a 
valid Win32 application.
\\?\C:\Users\Kevan\kalishi-edge\dashboard\node_modules\@next\swc-win32-x64-msvc\next-swc.win32-x64-msvc.node
 ΓÜá Attempted to load @next/swc-win32-x64-msvc, but an error occurred: 
\\?\C:\Users\Kevan\kalishi-edge\dashboard\node_modules\@next\swc-win32-x64-msvc\next-swc.win32-x64-msvc.node is not a 
valid Win32 application.
\\?\C:\Users\Kevan\kalishi-edge\dashboard\node_modules\@next\swc-win32-x64-msvc\next-swc.win32-x64-msvc.node
 Γ£ô Compiled successfully
   Linting and checking validity of types ...
   Collecting page data ...
 ΓÜá Attempted to load @next/swc-win32-x64-msvc, but an error occurred: 
\\?\C:\Users\Kevan\kalishi-edge\dashboard\node_modules\@next\swc-win32-x64-msvc\next-swc.win32-x64-msvc.node is not a 
valid Win32 application.
\\?\C:\Users\Kevan\kalishi-edge\dashboard\node_modules\@next\swc-win32-x64-msvc\next-swc.win32-x64-msvc.node
   Generating static pages (0/4) ...
   Generating static pages (1/4) 
   Generating static pages (2/4) 
   Generating static pages (3/4) 
 Γ£ô Generating static pages (4/4)
   Finalizing page optimization ...
   Collecting build traces ...
   Exporting (0/3) ...
 Γ£ô Exporting (3/3)

Route (app)                              Size     First Load JS
Γöî Γùï /                                    112 kB          217 kB
Γöö Γùï /_not-found                          986 B           107 kB
+ First Load JS shared by all            106 kB
  Γö£ chunks/4bd1b696-4a7400714c41e565.js  53 kB
  Γö£ chunks/517-e2b7afd9bcad26af.js       50.9 kB
  Γöö other shared chunks (total)          2.04 kB


Γùï  (Static)  prerendered as static content

